CRITICAL - 2026-06-23 03:08:27 --> CodeIgniter\Exceptions\BadMethodCallException: Call to undefined method App\Models\LowonganModel::getLowonganDenganPerusahaan
[Method: GET, Route: /]
in SYSTEMPATH\Model.php on line 761.
 1 APPPATH\Controllers\Home.php(19): CodeIgniter\Model->__call('getLowonganDenganPerusahaan', [])
 2 SYSTEMPATH\CodeIgniter.php(951): App\Controllers\Home->index()
 3 SYSTEMPATH\CodeIgniter.php(497): CodeIgniter\CodeIgniter->runController(Object(App\Controllers\Home))
 4 SYSTEMPATH\CodeIgniter.php(340): CodeIgniter\CodeIgniter->handleRequest(null, Object(Config\Cache), false)
 5 SYSTEMPATH\Boot.php(417): CodeIgniter\CodeIgniter->run()
 6 SYSTEMPATH\Boot.php(68): CodeIgniter\Boot::runCodeIgniter(Object(CodeIgniter\CodeIgniter))
 7 FCPATH\index.php(59): CodeIgniter\Boot::bootWeb(Object(Config\Paths))
CRITICAL - 2026-06-23 03:09:10 --> CodeIgniter\Exceptions\BadMethodCallException: Call to undefined method App\Models\LowonganModel::getLowonganDenganPerusahaan
[Method: GET, Route: /]
in SYSTEMPATH\Model.php on line 761.
 1 APPPATH\Controllers\Home.php(19): CodeIgniter\Model->__call('getLowonganDenganPerusahaan', [])
 2 SYSTEMPATH\CodeIgniter.php(951): App\Controllers\Home->index()
 3 SYSTEMPATH\CodeIgniter.php(497): CodeIgniter\CodeIgniter->runController(Object(App\Controllers\Home))
 4 SYSTEMPATH\CodeIgniter.php(340): CodeIgniter\CodeIgniter->handleRequest(null, Object(Config\Cache), false)
 5 SYSTEMPATH\Boot.php(417): CodeIgniter\CodeIgniter->run()
 6 SYSTEMPATH\Boot.php(68): CodeIgniter\Boot::runCodeIgniter(Object(CodeIgniter\CodeIgniter))
 7 FCPATH\index.php(59): CodeIgniter\Boot::bootWeb(Object(Config\Paths))
 8 SYSTEMPATH\rewrite.php(44): require_once('A:\\myrealxampp\\htdocs\\GasKerjaBaru\\public\\index.php')
CRITICAL - 2026-06-23 03:11:10 --> CodeIgniter\Exceptions\BadMethodCallException: Call to undefined method App\Models\LowonganModel::getLowonganDenganPerusahaan
[Method: GET, Route: /]
in SYSTEMPATH\Model.php on line 761.
 1 APPPATH\Controllers\Home.php(19): CodeIgniter\Model->__call('getLowonganDenganPerusahaan', [])
 2 SYSTEMPATH\CodeIgniter.php(951): App\Controllers\Home->index()
 3 SYSTEMPATH\CodeIgniter.php(497): CodeIgniter\CodeIgniter->runController(Object(App\Controllers\Home))
 4 SYSTEMPATH\CodeIgniter.php(340): CodeIgniter\CodeIgniter->handleRequest(null, Object(Config\Cache), false)
 5 SYSTEMPATH\Boot.php(417): CodeIgniter\CodeIgniter->run()
 6 SYSTEMPATH\Boot.php(68): CodeIgniter\Boot::runCodeIgniter(Object(CodeIgniter\CodeIgniter))
 7 FCPATH\index.php(59): CodeIgniter\Boot::bootWeb(Object(Config\Paths))
 8 SYSTEMPATH\rewrite.php(44): require_once('A:\\myrealxampp\\htdocs\\GasKerjaBaru\\public\\index.php')
DEBUG - 2026-06-23 03:31:28 --> Session: Class initialized using 'CodeIgniter\Session\Handlers\FileHandler' driver.
DEBUG - 2026-06-23 03:31:35 --> Session: Class initialized using 'CodeIgniter\Session\Handlers\FileHandler' driver.
DEBUG - 2026-06-23 03:31:35 --> Session: Class initialized using 'CodeIgniter\Session\Handlers\FileHandler' driver.
DEBUG - 2026-06-23 03:31:37 --> Session: Class initialized using 'CodeIgniter\Session\Handlers\FileHandler' driver.
DEBUG - 2026-06-23 03:31:39 --> Session: Class initialized using 'CodeIgniter\Session\Handlers\FileHandler' driver.
DEBUG - 2026-06-23 03:31:40 --> Session: Class initialized using 'CodeIgniter\Session\Handlers\FileHandler' driver.
DEBUG - 2026-06-23 03:32:01 --> Session: Class initialized using 'CodeIgniter\Session\Handlers\FileHandler' driver.
DEBUG - 2026-06-23 03:32:54 --> Session: Class initialized using 'CodeIgniter\Session\Handlers\FileHandler' driver.
DEBUG - 2026-06-23 03:32:57 --> Session: Class initialized using 'CodeIgniter\Session\Handlers\FileHandler' driver.
CRITICAL - 2026-06-23 03:32:59 --> CodeIgniter\Exceptions\BadMethodCallException: Call to undefined method App\Models\LowonganModel::getLowonganDenganPerusahaan
[Method: GET, Route: /]
in SYSTEMPATH\Model.php on line 761.
 1 APPPATH\Controllers\Home.php(19): CodeIgniter\Model->__call('getLowonganDenganPerusahaan', [])
 2 SYSTEMPATH\CodeIgniter.php(951): App\Controllers\Home->index()
 3 SYSTEMPATH\CodeIgniter.php(497): CodeIgniter\CodeIgniter->runController(Object(App\Controllers\Home))
 4 SYSTEMPATH\CodeIgniter.php(340): CodeIgniter\CodeIgniter->handleRequest(null, Object(Config\Cache), false)
 5 SYSTEMPATH\Boot.php(417): CodeIgniter\CodeIgniter->run()
 6 SYSTEMPATH\Boot.php(68): CodeIgniter\Boot::runCodeIgniter(Object(CodeIgniter\CodeIgniter))
 7 FCPATH\index.php(59): CodeIgniter\Boot::bootWeb(Object(Config\Paths))
 8 SYSTEMPATH\rewrite.php(44): require_once('A:\\myrealxampp\\htdocs\\GasKerjaBaru\\public\\index.php')
DEBUG - 2026-06-23 03:42:27 --> Session: Class initialized using 'CodeIgniter\Session\Handlers\FileHandler' driver.
DEBUG - 2026-06-23 04:06:42 --> Session: Class initialized using 'CodeIgniter\Session\Handlers\FileHandler' driver.
DEBUG - 2026-06-23 04:06:50 --> Session: Class initialized using 'CodeIgniter\Session\Handlers\FileHandler' driver.
DEBUG - 2026-06-23 04:06:50 --> Session: Class initialized using 'CodeIgniter\Session\Handlers\FileHandler' driver.
DEBUG - 2026-06-23 04:07:02 --> Session: Class initialized using 'CodeIgniter\Session\Handlers\FileHandler' driver.
DEBUG - 2026-06-23 04:07:02 --> Session: Class initialized using 'CodeIgniter\Session\Handlers\FileHandler' driver.
DEBUG - 2026-06-23 04:07:05 --> Session: Class initialized using 'CodeIgniter\Session\Handlers\FileHandler' driver.
DEBUG - 2026-06-23 04:07:07 --> Session: Class initialized using 'CodeIgniter\Session\Handlers\FileHandler' driver.
ERROR - 2026-06-23 04:07:33 --> Unknown column 'nama_perusahaan' in 'field list'
in SYSTEMPATH\Database\MySQLi\Connection.php on line 300.
 1 SYSTEMPATH\Database\MySQLi\Connection.php(300): mysqli->query('INSERT INTO `perusahaan` (`nama_perusahaan`, `alamat`, `created_at`, `updated_at`) VALUES (\'dfbng\', \'jalan jalan\', \'2026-06-23 04:07:33\', \'2026-06-23 04:07:33\')', 0)
 2 SYSTEMPATH\Database\BaseConnection.php(910): CodeIgniter\Database\MySQLi\Connection->execute('INSERT INTO `perusahaan` (`nama_perusahaan`, `alamat`, `created_at`, `updated_at`) VALUES (\'dfbng\', \'jalan jalan\', \'2026-06-23 04:07:33\', \'2026-06-23 04:07:33\')')
 3 SYSTEMPATH\Database\BaseConnection.php(827): CodeIgniter\Database\BaseConnection->simpleQuery('INSERT INTO `perusahaan` (`nama_perusahaan`, `alamat`, `created_at`, `updated_at`) VALUES (\'dfbng\', \'jalan jalan\', \'2026-06-23 04:07:33\', \'2026-06-23 04:07:33\')')
 4 SYSTEMPATH\Database\BaseBuilder.php(2345): CodeIgniter\Database\BaseConnection->query('INSERT INTO `perusahaan` (`nama_perusahaan`, `alamat`, `created_at`, `updated_at`) VALUES (:nama_perusahaan:, :alamat:, :created_at:, :updated_at:)', [...], false)
 5 SYSTEMPATH\Model.php(355): CodeIgniter\Database\BaseBuilder->insert()
 6 SYSTEMPATH\BaseModel.php(899): CodeIgniter\Model->doInsert([...])
 7 SYSTEMPATH\Model.php(668): CodeIgniter\BaseModel->insert([...], false)
 8 SYSTEMPATH\BaseModel.php(752): CodeIgniter\Model->insert([...], false)
 9 APPPATH\Controllers\Home.php(196): CodeIgniter\BaseModel->save([...])
10 SYSTEMPATH\CodeIgniter.php(951): App\Controllers\Home->processRegisterPerusahaan()
11 SYSTEMPATH\CodeIgniter.php(497): CodeIgniter\CodeIgniter->runController(Object(App\Controllers\Home))
12 SYSTEMPATH\CodeIgniter.php(340): CodeIgniter\CodeIgniter->handleRequest(null, Object(Config\Cache), false)
13 SYSTEMPATH\Boot.php(417): CodeIgniter\CodeIgniter->run()
14 SYSTEMPATH\Boot.php(68): CodeIgniter\Boot::runCodeIgniter(Object(CodeIgniter\CodeIgniter))
15 FCPATH\index.php(59): CodeIgniter\Boot::bootWeb(Object(Config\Paths))
16 SYSTEMPATH\rewrite.php(44): require_once('A:\\myrealxampp\\htdocs\\GasKerjaBaru\\public\\index.php')
CRITICAL - 2026-06-23 04:07:33 --> CodeIgniter\Database\Exceptions\DatabaseException: Unknown column 'nama_perusahaan' in 'field list'
[Method: POST, Route: register-perusahaan]
in SYSTEMPATH\Database\BaseConnection.php on line 865.
 1 SYSTEMPATH\Database\BaseBuilder.php(2345): CodeIgniter\Database\BaseConnection->query('INSERT INTO `perusahaan` (`nama_perusahaan`, `alamat`, `created_at`, `updated_at`) VALUES (:nama_perusahaan:, :alamat:, :created_at:, :updated_at:)', [...], false)
 2 SYSTEMPATH\Model.php(355): CodeIgniter\Database\BaseBuilder->insert()
 3 SYSTEMPATH\BaseModel.php(899): CodeIgniter\Model->doInsert([...])
 4 SYSTEMPATH\Model.php(668): CodeIgniter\BaseModel->insert([...], false)
 5 SYSTEMPATH\BaseModel.php(752): CodeIgniter\Model->insert([...], false)
 6 APPPATH\Controllers\Home.php(196): CodeIgniter\BaseModel->save([...])
 7 SYSTEMPATH\CodeIgniter.php(951): App\Controllers\Home->processRegisterPerusahaan()
 8 SYSTEMPATH\CodeIgniter.php(497): CodeIgniter\CodeIgniter->runController(Object(App\Controllers\Home))
 9 SYSTEMPATH\CodeIgniter.php(340): CodeIgniter\CodeIgniter->handleRequest(null, Object(Config\Cache), false)
10 SYSTEMPATH\Boot.php(417): CodeIgniter\CodeIgniter->run()
11 SYSTEMPATH\Boot.php(68): CodeIgniter\Boot::runCodeIgniter(Object(CodeIgniter\CodeIgniter))
12 FCPATH\index.php(59): CodeIgniter\Boot::bootWeb(Object(Config\Paths))
13 SYSTEMPATH\rewrite.php(44): require_once('A:\\myrealxampp\\htdocs\\GasKerjaBaru\\public\\index.php')
CRITICAL - 2026-06-23 04:07:33 --> [Caused by] CodeIgniter\Database\Exceptions\DatabaseException: Unknown column 'nama_perusahaan' in 'field list'
in SYSTEMPATH\Database\MySQLi\Connection.php on line 310.
 1 SYSTEMPATH\Database\BaseConnection.php(910): CodeIgniter\Database\MySQLi\Connection->execute('INSERT INTO `perusahaan` (`nama_perusahaan`, `alamat`, `created_at`, `updated_at`) VALUES (\'dfbng\', \'jalan jalan\', \'2026-06-23 04:07:33\', \'2026-06-23 04:07:33\')')
 2 SYSTEMPATH\Database\BaseConnection.php(827): CodeIgniter\Database\BaseConnection->simpleQuery('INSERT INTO `perusahaan` (`nama_perusahaan`, `alamat`, `created_at`, `updated_at`) VALUES (\'dfbng\', \'jalan jalan\', \'2026-06-23 04:07:33\', \'2026-06-23 04:07:33\')')
 3 SYSTEMPATH\Database\BaseBuilder.php(2345): CodeIgniter\Database\BaseConnection->query('INSERT INTO `perusahaan` (`nama_perusahaan`, `alamat`, `created_at`, `updated_at`) VALUES (:nama_perusahaan:, :alamat:, :created_at:, :updated_at:)', [...], false)
 4 SYSTEMPATH\Model.php(355): CodeIgniter\Database\BaseBuilder->insert()
 5 SYSTEMPATH\BaseModel.php(899): CodeIgniter\Model->doInsert([...])
 6 SYSTEMPATH\Model.php(668): CodeIgniter\BaseModel->insert([...], false)
 7 SYSTEMPATH\BaseModel.php(752): CodeIgniter\Model->insert([...], false)
 8 APPPATH\Controllers\Home.php(196): CodeIgniter\BaseModel->save([...])
 9 SYSTEMPATH\CodeIgniter.php(951): App\Controllers\Home->processRegisterPerusahaan()
10 SYSTEMPATH\CodeIgniter.php(497): CodeIgniter\CodeIgniter->runController(Object(App\Controllers\Home))
11 SYSTEMPATH\CodeIgniter.php(340): CodeIgniter\CodeIgniter->handleRequest(null, Object(Config\Cache), false)
12 SYSTEMPATH\Boot.php(417): CodeIgniter\CodeIgniter->run()
13 SYSTEMPATH\Boot.php(68): CodeIgniter\Boot::runCodeIgniter(Object(CodeIgniter\CodeIgniter))
14 FCPATH\index.php(59): CodeIgniter\Boot::bootWeb(Object(Config\Paths))
15 SYSTEMPATH\rewrite.php(44): require_once('A:\\myrealxampp\\htdocs\\GasKerjaBaru\\public\\index.php')
CRITICAL - 2026-06-23 04:07:33 --> [Caused by] mysqli_sql_exception: Unknown column 'nama_perusahaan' in 'field list'
in SYSTEMPATH\Database\MySQLi\Connection.php on line 300.
 1 SYSTEMPATH\Database\MySQLi\Connection.php(300): mysqli->query('INSERT INTO `perusahaan` (`nama_perusahaan`, `alamat`, `created_at`, `updated_at`) VALUES (\'dfbng\', \'jalan jalan\', \'2026-06-23 04:07:33\', \'2026-06-23 04:07:33\')', 0)
 2 SYSTEMPATH\Database\BaseConnection.php(910): CodeIgniter\Database\MySQLi\Connection->execute('INSERT INTO `perusahaan` (`nama_perusahaan`, `alamat`, `created_at`, `updated_at`) VALUES (\'dfbng\', \'jalan jalan\', \'2026-06-23 04:07:33\', \'2026-06-23 04:07:33\')')
 3 SYSTEMPATH\Database\BaseConnection.php(827): CodeIgniter\Database\BaseConnection->simpleQuery('INSERT INTO `perusahaan` (`nama_perusahaan`, `alamat`, `created_at`, `updated_at`) VALUES (\'dfbng\', \'jalan jalan\', \'2026-06-23 04:07:33\', \'2026-06-23 04:07:33\')')
 4 SYSTEMPATH\Database\BaseBuilder.php(2345): CodeIgniter\Database\BaseConnection->query('INSERT INTO `perusahaan` (`nama_perusahaan`, `alamat`, `created_at`, `updated_at`) VALUES (:nama_perusahaan:, :alamat:, :created_at:, :updated_at:)', [...], false)
 5 SYSTEMPATH\Model.php(355): CodeIgniter\Database\BaseBuilder->insert()
 6 SYSTEMPATH\BaseModel.php(899): CodeIgniter\Model->doInsert([...])
 7 SYSTEMPATH\Model.php(668): CodeIgniter\BaseModel->insert([...], false)
 8 SYSTEMPATH\BaseModel.php(752): CodeIgniter\Model->insert([...], false)
 9 APPPATH\Controllers\Home.php(196): CodeIgniter\BaseModel->save([...])
10 SYSTEMPATH\CodeIgniter.php(951): App\Controllers\Home->processRegisterPerusahaan()
11 SYSTEMPATH\CodeIgniter.php(497): CodeIgniter\CodeIgniter->runController(Object(App\Controllers\Home))
12 SYSTEMPATH\CodeIgniter.php(340): CodeIgniter\CodeIgniter->handleRequest(null, Object(Config\Cache), false)
13 SYSTEMPATH\Boot.php(417): CodeIgniter\CodeIgniter->run()
14 SYSTEMPATH\Boot.php(68): CodeIgniter\Boot::runCodeIgniter(Object(CodeIgniter\CodeIgniter))
15 FCPATH\index.php(59): CodeIgniter\Boot::bootWeb(Object(Config\Paths))
16 SYSTEMPATH\rewrite.php(44): require_once('A:\\myrealxampp\\htdocs\\GasKerjaBaru\\public\\index.php')
ERROR - 2026-06-23 04:37:16 --> Duplicate entry 'rennuiffa@gmail.com' for key 'email'
in SYSTEMPATH\Database\MySQLi\Connection.php on line 300.
 1 SYSTEMPATH\Database\MySQLi\Connection.php(300): mysqli->query('INSERT INTO `users` (`nama`, `email`, `password`, `role`, `created_at`, `updated_at`) VALUES (\'dfbng\', \'rennuiffa@gmail.com\', \'$2y$10$dPlVr0lziw.Vm6FHpVp9xu1ZclPc2uYuaFm23uwriPePf27cua06q\', \'perusahaan\', \'2026-06-23 04:37:16\', \'2026-06-23 04:37:16\')', 0)
 2 SYSTEMPATH\Database\BaseConnection.php(910): CodeIgniter\Database\MySQLi\Connection->execute('INSERT INTO `users` (`nama`, `email`, `password`, `role`, `created_at`, `updated_at`) VALUES (\'dfbng\', \'rennuiffa@gmail.com\', \'$2y$10$dPlVr0lziw.Vm6FHpVp9xu1ZclPc2uYuaFm23uwriPePf27cua06q\', \'perusahaan\', \'2026-06-23 04:37:16\', \'2026-06-23 04:37:16\')')
 3 SYSTEMPATH\Database\BaseConnection.php(827): CodeIgniter\Database\BaseConnection->simpleQuery('INSERT INTO `users` (`nama`, `email`, `password`, `role`, `created_at`, `updated_at`) VALUES (\'dfbng\', \'rennuiffa@gmail.com\', \'$2y$10$dPlVr0lziw.Vm6FHpVp9xu1ZclPc2uYuaFm23uwriPePf27cua06q\', \'perusahaan\', \'2026-06-23 04:37:16\', \'2026-06-23 04:37:16\')')
 4 SYSTEMPATH\Database\BaseBuilder.php(2345): CodeIgniter\Database\BaseConnection->query('INSERT INTO `users` (`nama`, `email`, `password`, `role`, `created_at`, `updated_at`) VALUES (:nama:, :email:, :password:, :role:, :created_at:, :updated_at:)', [...], false)
 5 SYSTEMPATH\Model.php(355): CodeIgniter\Database\BaseBuilder->insert()
 6 SYSTEMPATH\BaseModel.php(899): CodeIgniter\Model->doInsert([...])
 7 SYSTEMPATH\Model.php(668): CodeIgniter\BaseModel->insert([...], false)
 8 SYSTEMPATH\BaseModel.php(752): CodeIgniter\Model->insert([...], false)
 9 APPPATH\Controllers\Home.php(178): CodeIgniter\BaseModel->save([...])
10 SYSTEMPATH\CodeIgniter.php(951): App\Controllers\Home->processRegisterPerusahaan()
11 SYSTEMPATH\CodeIgniter.php(497): CodeIgniter\CodeIgniter->runController(Object(App\Controllers\Home))
12 SYSTEMPATH\CodeIgniter.php(340): CodeIgniter\CodeIgniter->handleRequest(null, Object(Config\Cache), false)
13 SYSTEMPATH\Boot.php(417): CodeIgniter\CodeIgniter->run()
14 SYSTEMPATH\Boot.php(68): CodeIgniter\Boot::runCodeIgniter(Object(CodeIgniter\CodeIgniter))
15 FCPATH\index.php(59): CodeIgniter\Boot::bootWeb(Object(Config\Paths))
16 SYSTEMPATH\rewrite.php(44): require_once('A:\\myrealxampp\\htdocs\\GasKerjaBaru\\public\\index.php')
CRITICAL - 2026-06-23 04:37:16 --> CodeIgniter\Database\Exceptions\DatabaseException: Duplicate entry 'rennuiffa@gmail.com' for key 'email'
[Method: POST, Route: register-perusahaan]
in SYSTEMPATH\Database\BaseConnection.php on line 865.
 1 SYSTEMPATH\Database\BaseBuilder.php(2345): CodeIgniter\Database\BaseConnection->query('INSERT INTO `users` (`nama`, `email`, `password`, `role`, `created_at`, `updated_at`) VALUES (:nama:, :email:, :password:, :role:, :created_at:, :updated_at:)', [...], false)
 2 SYSTEMPATH\Model.php(355): CodeIgniter\Database\BaseBuilder->insert()
 3 SYSTEMPATH\BaseModel.php(899): CodeIgniter\Model->doInsert([...])
 4 SYSTEMPATH\Model.php(668): CodeIgniter\BaseModel->insert([...], false)
 5 SYSTEMPATH\BaseModel.php(752): CodeIgniter\Model->insert([...], false)
 6 APPPATH\Controllers\Home.php(178): CodeIgniter\BaseModel->save([...])
 7 SYSTEMPATH\CodeIgniter.php(951): App\Controllers\Home->processRegisterPerusahaan()
 8 SYSTEMPATH\CodeIgniter.php(497): CodeIgniter\CodeIgniter->runController(Object(App\Controllers\Home))
 9 SYSTEMPATH\CodeIgniter.php(340): CodeIgniter\CodeIgniter->handleRequest(null, Object(Config\Cache), false)
10 SYSTEMPATH\Boot.php(417): CodeIgniter\CodeIgniter->run()
11 SYSTEMPATH\Boot.php(68): CodeIgniter\Boot::runCodeIgniter(Object(CodeIgniter\CodeIgniter))
12 FCPATH\index.php(59): CodeIgniter\Boot::bootWeb(Object(Config\Paths))
13 SYSTEMPATH\rewrite.php(44): require_once('A:\\myrealxampp\\htdocs\\GasKerjaBaru\\public\\index.php')
CRITICAL - 2026-06-23 04:37:16 --> [Caused by] CodeIgniter\Database\Exceptions\DatabaseException: Duplicate entry 'rennuiffa@gmail.com' for key 'email'
in SYSTEMPATH\Database\MySQLi\Connection.php on line 310.
 1 SYSTEMPATH\Database\BaseConnection.php(910): CodeIgniter\Database\MySQLi\Connection->execute('INSERT INTO `users` (`nama`, `email`, `password`, `role`, `created_at`, `updated_at`) VALUES (\'dfbng\', \'rennuiffa@gmail.com\', \'$2y$10$dPlVr0lziw.Vm6FHpVp9xu1ZclPc2uYuaFm23uwriPePf27cua06q\', \'perusahaan\', \'2026-06-23 04:37:16\', \'2026-06-23 04:37:16\')')
 2 SYSTEMPATH\Database\BaseConnection.php(827): CodeIgniter\Database\BaseConnection->simpleQuery('INSERT INTO `users` (`nama`, `email`, `password`, `role`, `created_at`, `updated_at`) VALUES (\'dfbng\', \'rennuiffa@gmail.com\', \'$2y$10$dPlVr0lziw.Vm6FHpVp9xu1ZclPc2uYuaFm23uwriPePf27cua06q\', \'perusahaan\', \'2026-06-23 04:37:16\', \'2026-06-23 04:37:16\')')
 3 SYSTEMPATH\Database\BaseBuilder.php(2345): CodeIgniter\Database\BaseConnection->query('INSERT INTO `users` (`nama`, `email`, `password`, `role`, `created_at`, `updated_at`) VALUES (:nama:, :email:, :password:, :role:, :created_at:, :updated_at:)', [...], false)
 4 SYSTEMPATH\Model.php(355): CodeIgniter\Database\BaseBuilder->insert()
 5 SYSTEMPATH\BaseModel.php(899): CodeIgniter\Model->doInsert([...])
 6 SYSTEMPATH\Model.php(668): CodeIgniter\BaseModel->insert([...], false)
 7 SYSTEMPATH\BaseModel.php(752): CodeIgniter\Model->insert([...], false)
 8 APPPATH\Controllers\Home.php(178): CodeIgniter\BaseModel->save([...])
 9 SYSTEMPATH\CodeIgniter.php(951): App\Controllers\Home->processRegisterPerusahaan()
10 SYSTEMPATH\CodeIgniter.php(497): CodeIgniter\CodeIgniter->runController(Object(App\Controllers\Home))
11 SYSTEMPATH\CodeIgniter.php(340): CodeIgniter\CodeIgniter->handleRequest(null, Object(Config\Cache), false)
12 SYSTEMPATH\Boot.php(417): CodeIgniter\CodeIgniter->run()
13 SYSTEMPATH\Boot.php(68): CodeIgniter\Boot::runCodeIgniter(Object(CodeIgniter\CodeIgniter))
14 FCPATH\index.php(59): CodeIgniter\Boot::bootWeb(Object(Config\Paths))
15 SYSTEMPATH\rewrite.php(44): require_once('A:\\myrealxampp\\htdocs\\GasKerjaBaru\\public\\index.php')
CRITICAL - 2026-06-23 04:37:16 --> [Caused by] mysqli_sql_exception: Duplicate entry 'rennuiffa@gmail.com' for key 'email'
in SYSTEMPATH\Database\MySQLi\Connection.php on line 300.
 1 SYSTEMPATH\Database\MySQLi\Connection.php(300): mysqli->query('INSERT INTO `users` (`nama`, `email`, `password`, `role`, `created_at`, `updated_at`) VALUES (\'dfbng\', \'rennuiffa@gmail.com\', \'$2y$10$dPlVr0lziw.Vm6FHpVp9xu1ZclPc2uYuaFm23uwriPePf27cua06q\', \'perusahaan\', \'2026-06-23 04:37:16\', \'2026-06-23 04:37:16\')', 0)
 2 SYSTEMPATH\Database\BaseConnection.php(910): CodeIgniter\Database\MySQLi\Connection->execute('INSERT INTO `users` (`nama`, `email`, `password`, `role`, `created_at`, `updated_at`) VALUES (\'dfbng\', \'rennuiffa@gmail.com\', \'$2y$10$dPlVr0lziw.Vm6FHpVp9xu1ZclPc2uYuaFm23uwriPePf27cua06q\', \'perusahaan\', \'2026-06-23 04:37:16\', \'2026-06-23 04:37:16\')')
 3 SYSTEMPATH\Database\BaseConnection.php(827): CodeIgniter\Database\BaseConnection->simpleQuery('INSERT INTO `users` (`nama`, `email`, `password`, `role`, `created_at`, `updated_at`) VALUES (\'dfbng\', \'rennuiffa@gmail.com\', \'$2y$10$dPlVr0lziw.Vm6FHpVp9xu1ZclPc2uYuaFm23uwriPePf27cua06q\', \'perusahaan\', \'2026-06-23 04:37:16\', \'2026-06-23 04:37:16\')')
 4 SYSTEMPATH\Database\BaseBuilder.php(2345): CodeIgniter\Database\BaseConnection->query('INSERT INTO `users` (`nama`, `email`, `password`, `role`, `created_at`, `updated_at`) VALUES (:nama:, :email:, :password:, :role:, :created_at:, :updated_at:)', [...], false)
 5 SYSTEMPATH\Model.php(355): CodeIgniter\Database\BaseBuilder->insert()
 6 SYSTEMPATH\BaseModel.php(899): CodeIgniter\Model->doInsert([...])
 7 SYSTEMPATH\Model.php(668): CodeIgniter\BaseModel->insert([...], false)
 8 SYSTEMPATH\BaseModel.php(752): CodeIgniter\Model->insert([...], false)
 9 APPPATH\Controllers\Home.php(178): CodeIgniter\BaseModel->save([...])
10 SYSTEMPATH\CodeIgniter.php(951): App\Controllers\Home->processRegisterPerusahaan()
11 SYSTEMPATH\CodeIgniter.php(497): CodeIgniter\CodeIgniter->runController(Object(App\Controllers\Home))
12 SYSTEMPATH\CodeIgniter.php(340): CodeIgniter\CodeIgniter->handleRequest(null, Object(Config\Cache), false)
13 SYSTEMPATH\Boot.php(417): CodeIgniter\CodeIgniter->run()
14 SYSTEMPATH\Boot.php(68): CodeIgniter\Boot::runCodeIgniter(Object(CodeIgniter\CodeIgniter))
15 FCPATH\index.php(59): CodeIgniter\Boot::bootWeb(Object(Config\Paths))
16 SYSTEMPATH\rewrite.php(44): require_once('A:\\myrealxampp\\htdocs\\GasKerjaBaru\\public\\index.php')
ERROR - 2026-06-23 04:37:20 --> Duplicate entry 'rennuiffa@gmail.com' for key 'email'
in SYSTEMPATH\Database\MySQLi\Connection.php on line 300.
 1 SYSTEMPATH\Database\MySQLi\Connection.php(300): mysqli->query('INSERT INTO `users` (`nama`, `email`, `password`, `role`, `created_at`, `updated_at`) VALUES (\'dfbng\', \'rennuiffa@gmail.com\', \'$2y$10$CYK5udpAtZouJzh5nHdQj.ydLiqpokEEU.QI4DpQGWO9kqBIMxXEK\', \'perusahaan\', \'2026-06-23 04:37:20\', \'2026-06-23 04:37:20\')', 0)
 2 SYSTEMPATH\Database\BaseConnection.php(910): CodeIgniter\Database\MySQLi\Connection->execute('INSERT INTO `users` (`nama`, `email`, `password`, `role`, `created_at`, `updated_at`) VALUES (\'dfbng\', \'rennuiffa@gmail.com\', \'$2y$10$CYK5udpAtZouJzh5nHdQj.ydLiqpokEEU.QI4DpQGWO9kqBIMxXEK\', \'perusahaan\', \'2026-06-23 04:37:20\', \'2026-06-23 04:37:20\')')
 3 SYSTEMPATH\Database\BaseConnection.php(827): CodeIgniter\Database\BaseConnection->simpleQuery('INSERT INTO `users` (`nama`, `email`, `password`, `role`, `created_at`, `updated_at`) VALUES (\'dfbng\', \'rennuiffa@gmail.com\', \'$2y$10$CYK5udpAtZouJzh5nHdQj.ydLiqpokEEU.QI4DpQGWO9kqBIMxXEK\', \'perusahaan\', \'2026-06-23 04:37:20\', \'2026-06-23 04:37:20\')')
 4 SYSTEMPATH\Database\BaseBuilder.php(2345): CodeIgniter\Database\BaseConnection->query('INSERT INTO `users` (`nama`, `email`, `password`, `role`, `created_at`, `updated_at`) VALUES (:nama:, :email:, :password:, :role:, :created_at:, :updated_at:)', [...], false)
 5 SYSTEMPATH\Model.php(355): CodeIgniter\Database\BaseBuilder->insert()
 6 SYSTEMPATH\BaseModel.php(899): CodeIgniter\Model->doInsert([...])
 7 SYSTEMPATH\Model.php(668): CodeIgniter\BaseModel->insert([...], false)
 8 SYSTEMPATH\BaseModel.php(752): CodeIgniter\Model->insert([...], false)
 9 APPPATH\Controllers\Home.php(178): CodeIgniter\BaseModel->save([...])
10 SYSTEMPATH\CodeIgniter.php(951): App\Controllers\Home->processRegisterPerusahaan()
11 SYSTEMPATH\CodeIgniter.php(497): CodeIgniter\CodeIgniter->runController(Object(App\Controllers\Home))
12 SYSTEMPATH\CodeIgniter.php(340): CodeIgniter\CodeIgniter->handleRequest(null, Object(Config\Cache), false)
13 SYSTEMPATH\Boot.php(417): CodeIgniter\CodeIgniter->run()
14 SYSTEMPATH\Boot.php(68): CodeIgniter\Boot::runCodeIgniter(Object(CodeIgniter\CodeIgniter))
15 FCPATH\index.php(59): CodeIgniter\Boot::bootWeb(Object(Config\Paths))
16 SYSTEMPATH\rewrite.php(44): require_once('A:\\myrealxampp\\htdocs\\GasKerjaBaru\\public\\index.php')
CRITICAL - 2026-06-23 04:37:20 --> CodeIgniter\Database\Exceptions\DatabaseException: Duplicate entry 'rennuiffa@gmail.com' for key 'email'
[Method: POST, Route: register-perusahaan]
in SYSTEMPATH\Database\BaseConnection.php on line 865.
 1 SYSTEMPATH\Database\BaseBuilder.php(2345): CodeIgniter\Database\BaseConnection->query('INSERT INTO `users` (`nama`, `email`, `password`, `role`, `created_at`, `updated_at`) VALUES (:nama:, :email:, :password:, :role:, :created_at:, :updated_at:)', [...], false)
 2 SYSTEMPATH\Model.php(355): CodeIgniter\Database\BaseBuilder->insert()
 3 SYSTEMPATH\BaseModel.php(899): CodeIgniter\Model->doInsert([...])
 4 SYSTEMPATH\Model.php(668): CodeIgniter\BaseModel->insert([...], false)
 5 SYSTEMPATH\BaseModel.php(752): CodeIgniter\Model->insert([...], false)
 6 APPPATH\Controllers\Home.php(178): CodeIgniter\BaseModel->save([...])
 7 SYSTEMPATH\CodeIgniter.php(951): App\Controllers\Home->processRegisterPerusahaan()
 8 SYSTEMPATH\CodeIgniter.php(497): CodeIgniter\CodeIgniter->runController(Object(App\Controllers\Home))
 9 SYSTEMPATH\CodeIgniter.php(340): CodeIgniter\CodeIgniter->handleRequest(null, Object(Config\Cache), false)
10 SYSTEMPATH\Boot.php(417): CodeIgniter\CodeIgniter->run()
11 SYSTEMPATH\Boot.php(68): CodeIgniter\Boot::runCodeIgniter(Object(CodeIgniter\CodeIgniter))
12 FCPATH\index.php(59): CodeIgniter\Boot::bootWeb(Object(Config\Paths))
13 SYSTEMPATH\rewrite.php(44): require_once('A:\\myrealxampp\\htdocs\\GasKerjaBaru\\public\\index.php')
CRITICAL - 2026-06-23 04:37:20 --> [Caused by] CodeIgniter\Database\Exceptions\DatabaseException: Duplicate entry 'rennuiffa@gmail.com' for key 'email'
in SYSTEMPATH\Database\MySQLi\Connection.php on line 310.
 1 SYSTEMPATH\Database\BaseConnection.php(910): CodeIgniter\Database\MySQLi\Connection->execute('INSERT INTO `users` (`nama`, `email`, `password`, `role`, `created_at`, `updated_at`) VALUES (\'dfbng\', \'rennuiffa@gmail.com\', \'$2y$10$CYK5udpAtZouJzh5nHdQj.ydLiqpokEEU.QI4DpQGWO9kqBIMxXEK\', \'perusahaan\', \'2026-06-23 04:37:20\', \'2026-06-23 04:37:20\')')
 2 SYSTEMPATH\Database\BaseConnection.php(827): CodeIgniter\Database\BaseConnection->simpleQuery('INSERT INTO `users` (`nama`, `email`, `password`, `role`, `created_at`, `updated_at`) VALUES (\'dfbng\', \'rennuiffa@gmail.com\', \'$2y$10$CYK5udpAtZouJzh5nHdQj.ydLiqpokEEU.QI4DpQGWO9kqBIMxXEK\', \'perusahaan\', \'2026-06-23 04:37:20\', \'2026-06-23 04:37:20\')')
 3 SYSTEMPATH\Database\BaseBuilder.php(2345): CodeIgniter\Database\BaseConnection->query('INSERT INTO `users` (`nama`, `email`, `password`, `role`, `created_at`, `updated_at`) VALUES (:nama:, :email:, :password:, :role:, :created_at:, :updated_at:)', [...], false)
 4 SYSTEMPATH\Model.php(355): CodeIgniter\Database\BaseBuilder->insert()
 5 SYSTEMPATH\BaseModel.php(899): CodeIgniter\Model->doInsert([...])
 6 SYSTEMPATH\Model.php(668): CodeIgniter\BaseModel->insert([...], false)
 7 SYSTEMPATH\BaseModel.php(752): CodeIgniter\Model->insert([...], false)
 8 APPPATH\Controllers\Home.php(178): CodeIgniter\BaseModel->save([...])
 9 SYSTEMPATH\CodeIgniter.php(951): App\Controllers\Home->processRegisterPerusahaan()
10 SYSTEMPATH\CodeIgniter.php(497): CodeIgniter\CodeIgniter->runController(Object(App\Controllers\Home))
11 SYSTEMPATH\CodeIgniter.php(340): CodeIgniter\CodeIgniter->handleRequest(null, Object(Config\Cache), false)
12 SYSTEMPATH\Boot.php(417): CodeIgniter\CodeIgniter->run()
13 SYSTEMPATH\Boot.php(68): CodeIgniter\Boot::runCodeIgniter(Object(CodeIgniter\CodeIgniter))
14 FCPATH\index.php(59): CodeIgniter\Boot::bootWeb(Object(Config\Paths))
15 SYSTEMPATH\rewrite.php(44): require_once('A:\\myrealxampp\\htdocs\\GasKerjaBaru\\public\\index.php')
CRITICAL - 2026-06-23 04:37:20 --> [Caused by] mysqli_sql_exception: Duplicate entry 'rennuiffa@gmail.com' for key 'email'
in SYSTEMPATH\Database\MySQLi\Connection.php on line 300.
 1 SYSTEMPATH\Database\MySQLi\Connection.php(300): mysqli->query('INSERT INTO `users` (`nama`, `email`, `password`, `role`, `created_at`, `updated_at`) VALUES (\'dfbng\', \'rennuiffa@gmail.com\', \'$2y$10$CYK5udpAtZouJzh5nHdQj.ydLiqpokEEU.QI4DpQGWO9kqBIMxXEK\', \'perusahaan\', \'2026-06-23 04:37:20\', \'2026-06-23 04:37:20\')', 0)
 2 SYSTEMPATH\Database\BaseConnection.php(910): CodeIgniter\Database\MySQLi\Connection->execute('INSERT INTO `users` (`nama`, `email`, `password`, `role`, `created_at`, `updated_at`) VALUES (\'dfbng\', \'rennuiffa@gmail.com\', \'$2y$10$CYK5udpAtZouJzh5nHdQj.ydLiqpokEEU.QI4DpQGWO9kqBIMxXEK\', \'perusahaan\', \'2026-06-23 04:37:20\', \'2026-06-23 04:37:20\')')
 3 SYSTEMPATH\Database\BaseConnection.php(827): CodeIgniter\Database\BaseConnection->simpleQuery('INSERT INTO `users` (`nama`, `email`, `password`, `role`, `created_at`, `updated_at`) VALUES (\'dfbng\', \'rennuiffa@gmail.com\', \'$2y$10$CYK5udpAtZouJzh5nHdQj.ydLiqpokEEU.QI4DpQGWO9kqBIMxXEK\', \'perusahaan\', \'2026-06-23 04:37:20\', \'2026-06-23 04:37:20\')')
 4 SYSTEMPATH\Database\BaseBuilder.php(2345): CodeIgniter\Database\BaseConnection->query('INSERT INTO `users` (`nama`, `email`, `password`, `role`, `created_at`, `updated_at`) VALUES (:nama:, :email:, :password:, :role:, :created_at:, :updated_at:)', [...], false)
 5 SYSTEMPATH\Model.php(355): CodeIgniter\Database\BaseBuilder->insert()
 6 SYSTEMPATH\BaseModel.php(899): CodeIgniter\Model->doInsert([...])
 7 SYSTEMPATH\Model.php(668): CodeIgniter\BaseModel->insert([...], false)
 8 SYSTEMPATH\BaseModel.php(752): CodeIgniter\Model->insert([...], false)
 9 APPPATH\Controllers\Home.php(178): CodeIgniter\BaseModel->save([...])
10 SYSTEMPATH\CodeIgniter.php(951): App\Controllers\Home->processRegisterPerusahaan()
11 SYSTEMPATH\CodeIgniter.php(497): CodeIgniter\CodeIgniter->runController(Object(App\Controllers\Home))
12 SYSTEMPATH\CodeIgniter.php(340): CodeIgniter\CodeIgniter->handleRequest(null, Object(Config\Cache), false)
13 SYSTEMPATH\Boot.php(417): CodeIgniter\CodeIgniter->run()
14 SYSTEMPATH\Boot.php(68): CodeIgniter\Boot::runCodeIgniter(Object(CodeIgniter\CodeIgniter))
15 FCPATH\index.php(59): CodeIgniter\Boot::bootWeb(Object(Config\Paths))
16 SYSTEMPATH\rewrite.php(44): require_once('A:\\myrealxampp\\htdocs\\GasKerjaBaru\\public\\index.php')
DEBUG - 2026-06-23 04:37:22 --> Session: Class initialized using 'CodeIgniter\Session\Handlers\FileHandler' driver.
DEBUG - 2026-06-23 04:37:28 --> Session: Class initialized using 'CodeIgniter\Session\Handlers\FileHandler' driver.
DEBUG - 2026-06-23 04:37:29 --> Session: Class initialized using 'CodeIgniter\Session\Handlers\FileHandler' driver.
DEBUG - 2026-06-23 04:37:33 --> Session: Class initialized using 'CodeIgniter\Session\Handlers\FileHandler' driver.
DEBUG - 2026-06-23 04:37:41 --> Session: Class initialized using 'CodeIgniter\Session\Handlers\FileHandler' driver.
DEBUG - 2026-06-23 04:37:41 --> Session: Class initialized using 'CodeIgniter\Session\Handlers\FileHandler' driver.
DEBUG - 2026-06-23 04:39:31 --> Session: Class initialized using 'CodeIgniter\Session\Handlers\FileHandler' driver.
DEBUG - 2026-06-23 04:39:31 --> Session: Class initialized using 'CodeIgniter\Session\Handlers\FileHandler' driver.
DEBUG - 2026-06-23 04:39:35 --> Session: Class initialized using 'CodeIgniter\Session\Handlers\FileHandler' driver.
DEBUG - 2026-06-23 04:39:50 --> Session: Class initialized using 'CodeIgniter\Session\Handlers\FileHandler' driver.
DEBUG - 2026-06-23 04:39:51 --> Session: Class initialized using 'CodeIgniter\Session\Handlers\FileHandler' driver.
ERROR - 2026-06-23 04:40:30 --> Duplicate entry 'rennuiffa@gmail.com' for key 'email'
in SYSTEMPATH\Database\MySQLi\Connection.php on line 300.
 1 SYSTEMPATH\Database\MySQLi\Connection.php(300): mysqli->query('INSERT INTO `users` (`nama`, `email`, `password`, `role`, `created_at`, `updated_at`) VALUES (\'masbro\', \'rennuiffa@gmail.com\', \'$2y$10$3F6LB1m9AoC9nYkWf3CQdO3kyOox98ASJzbek3CAfmcwgxKUf8hgG\', \'perusahaan\', \'2026-06-23 04:40:29\', \'2026-06-23 04:40:29\')', 0)
 2 SYSTEMPATH\Database\BaseConnection.php(910): CodeIgniter\Database\MySQLi\Connection->execute('INSERT INTO `users` (`nama`, `email`, `password`, `role`, `created_at`, `updated_at`) VALUES (\'masbro\', \'rennuiffa@gmail.com\', \'$2y$10$3F6LB1m9AoC9nYkWf3CQdO3kyOox98ASJzbek3CAfmcwgxKUf8hgG\', \'perusahaan\', \'2026-06-23 04:40:29\', \'2026-06-23 04:40:29\')')
 3 SYSTEMPATH\Database\BaseConnection.php(827): CodeIgniter\Database\BaseConnection->simpleQuery('INSERT INTO `users` (`nama`, `email`, `password`, `role`, `created_at`, `updated_at`) VALUES (\'masbro\', \'rennuiffa@gmail.com\', \'$2y$10$3F6LB1m9AoC9nYkWf3CQdO3kyOox98ASJzbek3CAfmcwgxKUf8hgG\', \'perusahaan\', \'2026-06-23 04:40:29\', \'2026-06-23 04:40:29\')')
 4 SYSTEMPATH\Database\BaseBuilder.php(2345): CodeIgniter\Database\BaseConnection->query('INSERT INTO `users` (`nama`, `email`, `password`, `role`, `created_at`, `updated_at`) VALUES (:nama:, :email:, :password:, :role:, :created_at:, :updated_at:)', [...], false)
 5 SYSTEMPATH\Model.php(355): CodeIgniter\Database\BaseBuilder->insert()
 6 SYSTEMPATH\BaseModel.php(899): CodeIgniter\Model->doInsert([...])
 7 SYSTEMPATH\Model.php(668): CodeIgniter\BaseModel->insert([...], false)
 8 SYSTEMPATH\BaseModel.php(752): CodeIgniter\Model->insert([...], false)
 9 APPPATH\Controllers\Home.php(178): CodeIgniter\BaseModel->save([...])
10 SYSTEMPATH\CodeIgniter.php(951): App\Controllers\Home->processRegisterPerusahaan()
11 SYSTEMPATH\CodeIgniter.php(497): CodeIgniter\CodeIgniter->runController(Object(App\Controllers\Home))
12 SYSTEMPATH\CodeIgniter.php(340): CodeIgniter\CodeIgniter->handleRequest(null, Object(Config\Cache), false)
13 SYSTEMPATH\Boot.php(417): CodeIgniter\CodeIgniter->run()
14 SYSTEMPATH\Boot.php(68): CodeIgniter\Boot::runCodeIgniter(Object(CodeIgniter\CodeIgniter))
15 FCPATH\index.php(59): CodeIgniter\Boot::bootWeb(Object(Config\Paths))
16 SYSTEMPATH\rewrite.php(44): require_once('A:\\myrealxampp\\htdocs\\GasKerjaBaru\\public\\index.php')
CRITICAL - 2026-06-23 04:40:30 --> CodeIgniter\Database\Exceptions\DatabaseException: Duplicate entry 'rennuiffa@gmail.com' for key 'email'
[Method: POST, Route: register-perusahaan]
in SYSTEMPATH\Database\BaseConnection.php on line 865.
 1 SYSTEMPATH\Database\BaseBuilder.php(2345): CodeIgniter\Database\BaseConnection->query('INSERT INTO `users` (`nama`, `email`, `password`, `role`, `created_at`, `updated_at`) VALUES (:nama:, :email:, :password:, :role:, :created_at:, :updated_at:)', [...], false)
 2 SYSTEMPATH\Model.php(355): CodeIgniter\Database\BaseBuilder->insert()
 3 SYSTEMPATH\BaseModel.php(899): CodeIgniter\Model->doInsert([...])
 4 SYSTEMPATH\Model.php(668): CodeIgniter\BaseModel->insert([...], false)
 5 SYSTEMPATH\BaseModel.php(752): CodeIgniter\Model->insert([...], false)
 6 APPPATH\Controllers\Home.php(178): CodeIgniter\BaseModel->save([...])
 7 SYSTEMPATH\CodeIgniter.php(951): App\Controllers\Home->processRegisterPerusahaan()
 8 SYSTEMPATH\CodeIgniter.php(497): CodeIgniter\CodeIgniter->runController(Object(App\Controllers\Home))
 9 SYSTEMPATH\CodeIgniter.php(340): CodeIgniter\CodeIgniter->handleRequest(null, Object(Config\Cache), false)
10 SYSTEMPATH\Boot.php(417): CodeIgniter\CodeIgniter->run()
11 SYSTEMPATH\Boot.php(68): CodeIgniter\Boot::runCodeIgniter(Object(CodeIgniter\CodeIgniter))
12 FCPATH\index.php(59): CodeIgniter\Boot::bootWeb(Object(Config\Paths))
13 SYSTEMPATH\rewrite.php(44): require_once('A:\\myrealxampp\\htdocs\\GasKerjaBaru\\public\\index.php')
CRITICAL - 2026-06-23 04:40:30 --> [Caused by] CodeIgniter\Database\Exceptions\DatabaseException: Duplicate entry 'rennuiffa@gmail.com' for key 'email'
in SYSTEMPATH\Database\MySQLi\Connection.php on line 310.
 1 SYSTEMPATH\Database\BaseConnection.php(910): CodeIgniter\Database\MySQLi\Connection->execute('INSERT INTO `users` (`nama`, `email`, `password`, `role`, `created_at`, `updated_at`) VALUES (\'masbro\', \'rennuiffa@gmail.com\', \'$2y$10$3F6LB1m9AoC9nYkWf3CQdO3kyOox98ASJzbek3CAfmcwgxKUf8hgG\', \'perusahaan\', \'2026-06-23 04:40:29\', \'2026-06-23 04:40:29\')')
 2 SYSTEMPATH\Database\BaseConnection.php(827): CodeIgniter\Database\BaseConnection->simpleQuery('INSERT INTO `users` (`nama`, `email`, `password`, `role`, `created_at`, `updated_at`) VALUES (\'masbro\', \'rennuiffa@gmail.com\', \'$2y$10$3F6LB1m9AoC9nYkWf3CQdO3kyOox98ASJzbek3CAfmcwgxKUf8hgG\', \'perusahaan\', \'2026-06-23 04:40:29\', \'2026-06-23 04:40:29\')')
 3 SYSTEMPATH\Database\BaseBuilder.php(2345): CodeIgniter\Database\BaseConnection->query('INSERT INTO `users` (`nama`, `email`, `password`, `role`, `created_at`, `updated_at`) VALUES (:nama:, :email:, :password:, :role:, :created_at:, :updated_at:)', [...], false)
 4 SYSTEMPATH\Model.php(355): CodeIgniter\Database\BaseBuilder->insert()
 5 SYSTEMPATH\BaseModel.php(899): CodeIgniter\Model->doInsert([...])
 6 SYSTEMPATH\Model.php(668): CodeIgniter\BaseModel->insert([...], false)
 7 SYSTEMPATH\BaseModel.php(752): CodeIgniter\Model->insert([...], false)
 8 APPPATH\Controllers\Home.php(178): CodeIgniter\BaseModel->save([...])
 9 SYSTEMPATH\CodeIgniter.php(951): App\Controllers\Home->processRegisterPerusahaan()
10 SYSTEMPATH\CodeIgniter.php(497): CodeIgniter\CodeIgniter->runController(Object(App\Controllers\Home))
11 SYSTEMPATH\CodeIgniter.php(340): CodeIgniter\CodeIgniter->handleRequest(null, Object(Config\Cache), false)
12 SYSTEMPATH\Boot.php(417): CodeIgniter\CodeIgniter->run()
13 SYSTEMPATH\Boot.php(68): CodeIgniter\Boot::runCodeIgniter(Object(CodeIgniter\CodeIgniter))
14 FCPATH\index.php(59): CodeIgniter\Boot::bootWeb(Object(Config\Paths))
15 SYSTEMPATH\rewrite.php(44): require_once('A:\\myrealxampp\\htdocs\\GasKerjaBaru\\public\\index.php')
CRITICAL - 2026-06-23 04:40:30 --> [Caused by] mysqli_sql_exception: Duplicate entry 'rennuiffa@gmail.com' for key 'email'
in SYSTEMPATH\Database\MySQLi\Connection.php on line 300.
 1 SYSTEMPATH\Database\MySQLi\Connection.php(300): mysqli->query('INSERT INTO `users` (`nama`, `email`, `password`, `role`, `created_at`, `updated_at`) VALUES (\'masbro\', \'rennuiffa@gmail.com\', \'$2y$10$3F6LB1m9AoC9nYkWf3CQdO3kyOox98ASJzbek3CAfmcwgxKUf8hgG\', \'perusahaan\', \'2026-06-23 04:40:29\', \'2026-06-23 04:40:29\')', 0)
 2 SYSTEMPATH\Database\BaseConnection.php(910): CodeIgniter\Database\MySQLi\Connection->execute('INSERT INTO `users` (`nama`, `email`, `password`, `role`, `created_at`, `updated_at`) VALUES (\'masbro\', \'rennuiffa@gmail.com\', \'$2y$10$3F6LB1m9AoC9nYkWf3CQdO3kyOox98ASJzbek3CAfmcwgxKUf8hgG\', \'perusahaan\', \'2026-06-23 04:40:29\', \'2026-06-23 04:40:29\')')
 3 SYSTEMPATH\Database\BaseConnection.php(827): CodeIgniter\Database\BaseConnection->simpleQuery('INSERT INTO `users` (`nama`, `email`, `password`, `role`, `created_at`, `updated_at`) VALUES (\'masbro\', \'rennuiffa@gmail.com\', \'$2y$10$3F6LB1m9AoC9nYkWf3CQdO3kyOox98ASJzbek3CAfmcwgxKUf8hgG\', \'perusahaan\', \'2026-06-23 04:40:29\', \'2026-06-23 04:40:29\')')
 4 SYSTEMPATH\Database\BaseBuilder.php(2345): CodeIgniter\Database\BaseConnection->query('INSERT INTO `users` (`nama`, `email`, `password`, `role`, `created_at`, `updated_at`) VALUES (:nama:, :email:, :password:, :role:, :created_at:, :updated_at:)', [...], false)
 5 SYSTEMPATH\Model.php(355): CodeIgniter\Database\BaseBuilder->insert()
 6 SYSTEMPATH\BaseModel.php(899): CodeIgniter\Model->doInsert([...])
 7 SYSTEMPATH\Model.php(668): CodeIgniter\BaseModel->insert([...], false)
 8 SYSTEMPATH\BaseModel.php(752): CodeIgniter\Model->insert([...], false)
 9 APPPATH\Controllers\Home.php(178): CodeIgniter\BaseModel->save([...])
10 SYSTEMPATH\CodeIgniter.php(951): App\Controllers\Home->processRegisterPerusahaan()
11 SYSTEMPATH\CodeIgniter.php(497): CodeIgniter\CodeIgniter->runController(Object(App\Controllers\Home))
12 SYSTEMPATH\CodeIgniter.php(340): CodeIgniter\CodeIgniter->handleRequest(null, Object(Config\Cache), false)
13 SYSTEMPATH\Boot.php(417): CodeIgniter\CodeIgniter->run()
14 SYSTEMPATH\Boot.php(68): CodeIgniter\Boot::runCodeIgniter(Object(CodeIgniter\CodeIgniter))
15 FCPATH\index.php(59): CodeIgniter\Boot::bootWeb(Object(Config\Paths))
16 SYSTEMPATH\rewrite.php(44): require_once('A:\\myrealxampp\\htdocs\\GasKerjaBaru\\public\\index.php')
WARNING - 2026-06-23 06:29:26 --> [DEPRECATED] password_hash(): Passing null to parameter #1 ($password) of type string is deprecated in APPPATH\Controllers\Home.php on line 181.
 1 APPPATH\Controllers\Home.php(181): password_hash(Object(SensitiveParameterValue), '2y')
 2 SYSTEMPATH\CodeIgniter.php(951): App\Controllers\Home->processRegisterPerusahaan()
 3 SYSTEMPATH\CodeIgniter.php(497): CodeIgniter\CodeIgniter->runController(Object(App\Controllers\Home))
 4 SYSTEMPATH\CodeIgniter.php(340): CodeIgniter\CodeIgniter->handleRequest(null, Object(Config\Cache), false)
 5 SYSTEMPATH\Boot.php(417): CodeIgniter\CodeIgniter->run()
 6 SYSTEMPATH\Boot.php(68): CodeIgniter\Boot::runCodeIgniter(Object(CodeIgniter\CodeIgniter))
 7 FCPATH\index.php(59): CodeIgniter\Boot::bootWeb(Object(Config\Paths))
 8 SYSTEMPATH\rewrite.php(44): require_once('A:\\myrealxampp\\htdocs\\GasKerjaBaru\\public\\index.php')
ERROR - 2026-06-23 06:29:27 --> Column 'nama' cannot be null
in SYSTEMPATH\Database\MySQLi\Connection.php on line 300.
 1 SYSTEMPATH\Database\MySQLi\Connection.php(300): mysqli->query('INSERT INTO `users` (`nama`, `email`, `password`, `role`, `created_at`, `updated_at`) VALUES (NULL, NULL, \'$2y$10$DRYfwgk.myKojvUSSgj7Tuhr/ACH3t9Cjv8Nk/gEYTYdHMgF4bis6\', \'perusahaan\', \'2026-06-23 06:29:27\', \'2026-06-23 06:29:27\')', 0)
 2 SYSTEMPATH\Database\BaseConnection.php(910): CodeIgniter\Database\MySQLi\Connection->execute('INSERT INTO `users` (`nama`, `email`, `password`, `role`, `created_at`, `updated_at`) VALUES (NULL, NULL, \'$2y$10$DRYfwgk.myKojvUSSgj7Tuhr/ACH3t9Cjv8Nk/gEYTYdHMgF4bis6\', \'perusahaan\', \'2026-06-23 06:29:27\', \'2026-06-23 06:29:27\')')
 3 SYSTEMPATH\Database\BaseConnection.php(827): CodeIgniter\Database\BaseConnection->simpleQuery('INSERT INTO `users` (`nama`, `email`, `password`, `role`, `created_at`, `updated_at`) VALUES (NULL, NULL, \'$2y$10$DRYfwgk.myKojvUSSgj7Tuhr/ACH3t9Cjv8Nk/gEYTYdHMgF4bis6\', \'perusahaan\', \'2026-06-23 06:29:27\', \'2026-06-23 06:29:27\')')
 4 SYSTEMPATH\Database\BaseBuilder.php(2345): CodeIgniter\Database\BaseConnection->query('INSERT INTO `users` (`nama`, `email`, `password`, `role`, `created_at`, `updated_at`) VALUES (:nama:, :email:, :password:, :role:, :created_at:, :updated_at:)', [...], false)
 5 SYSTEMPATH\Model.php(355): CodeIgniter\Database\BaseBuilder->insert()
 6 SYSTEMPATH\BaseModel.php(899): CodeIgniter\Model->doInsert([...])
 7 SYSTEMPATH\Model.php(668): CodeIgniter\BaseModel->insert([...], false)
 8 SYSTEMPATH\BaseModel.php(752): CodeIgniter\Model->insert([...], false)
 9 APPPATH\Controllers\Home.php(178): CodeIgniter\BaseModel->save([...])
10 SYSTEMPATH\CodeIgniter.php(951): App\Controllers\Home->processRegisterPerusahaan()
11 SYSTEMPATH\CodeIgniter.php(497): CodeIgniter\CodeIgniter->runController(Object(App\Controllers\Home))
12 SYSTEMPATH\CodeIgniter.php(340): CodeIgniter\CodeIgniter->handleRequest(null, Object(Config\Cache), false)
13 SYSTEMPATH\Boot.php(417): CodeIgniter\CodeIgniter->run()
14 SYSTEMPATH\Boot.php(68): CodeIgniter\Boot::runCodeIgniter(Object(CodeIgniter\CodeIgniter))
15 FCPATH\index.php(59): CodeIgniter\Boot::bootWeb(Object(Config\Paths))
16 SYSTEMPATH\rewrite.php(44): require_once('A:\\myrealxampp\\htdocs\\GasKerjaBaru\\public\\index.php')
CRITICAL - 2026-06-23 06:29:27 --> CodeIgniter\Database\Exceptions\DatabaseException: Column 'nama' cannot be null
[Method: POST, Route: register-perusahaan]
in SYSTEMPATH\Database\BaseConnection.php on line 865.
 1 SYSTEMPATH\Database\BaseBuilder.php(2345): CodeIgniter\Database\BaseConnection->query('INSERT INTO `users` (`nama`, `email`, `password`, `role`, `created_at`, `updated_at`) VALUES (:nama:, :email:, :password:, :role:, :created_at:, :updated_at:)', [...], false)
 2 SYSTEMPATH\Model.php(355): CodeIgniter\Database\BaseBuilder->insert()
 3 SYSTEMPATH\BaseModel.php(899): CodeIgniter\Model->doInsert([...])
 4 SYSTEMPATH\Model.php(668): CodeIgniter\BaseModel->insert([...], false)
 5 SYSTEMPATH\BaseModel.php(752): CodeIgniter\Model->insert([...], false)
 6 APPPATH\Controllers\Home.php(178): CodeIgniter\BaseModel->save([...])
 7 SYSTEMPATH\CodeIgniter.php(951): App\Controllers\Home->processRegisterPerusahaan()
 8 SYSTEMPATH\CodeIgniter.php(497): CodeIgniter\CodeIgniter->runController(Object(App\Controllers\Home))
 9 SYSTEMPATH\CodeIgniter.php(340): CodeIgniter\CodeIgniter->handleRequest(null, Object(Config\Cache), false)
10 SYSTEMPATH\Boot.php(417): CodeIgniter\CodeIgniter->run()
11 SYSTEMPATH\Boot.php(68): CodeIgniter\Boot::runCodeIgniter(Object(CodeIgniter\CodeIgniter))
12 FCPATH\index.php(59): CodeIgniter\Boot::bootWeb(Object(Config\Paths))
13 SYSTEMPATH\rewrite.php(44): require_once('A:\\myrealxampp\\htdocs\\GasKerjaBaru\\public\\index.php')
CRITICAL - 2026-06-23 06:29:27 --> [Caused by] CodeIgniter\Database\Exceptions\DatabaseException: Column 'nama' cannot be null
in SYSTEMPATH\Database\MySQLi\Connection.php on line 310.
 1 SYSTEMPATH\Database\BaseConnection.php(910): CodeIgniter\Database\MySQLi\Connection->execute('INSERT INTO `users` (`nama`, `email`, `password`, `role`, `created_at`, `updated_at`) VALUES (NULL, NULL, \'$2y$10$DRYfwgk.myKojvUSSgj7Tuhr/ACH3t9Cjv8Nk/gEYTYdHMgF4bis6\', \'perusahaan\', \'2026-06-23 06:29:27\', \'2026-06-23 06:29:27\')')
 2 SYSTEMPATH\Database\BaseConnection.php(827): CodeIgniter\Database\BaseConnection->simpleQuery('INSERT INTO `users` (`nama`, `email`, `password`, `role`, `created_at`, `updated_at`) VALUES (NULL, NULL, \'$2y$10$DRYfwgk.myKojvUSSgj7Tuhr/ACH3t9Cjv8Nk/gEYTYdHMgF4bis6\', \'perusahaan\', \'2026-06-23 06:29:27\', \'2026-06-23 06:29:27\')')
 3 SYSTEMPATH\Database\BaseBuilder.php(2345): CodeIgniter\Database\BaseConnection->query('INSERT INTO `users` (`nama`, `email`, `password`, `role`, `created_at`, `updated_at`) VALUES (:nama:, :email:, :password:, :role:, :created_at:, :updated_at:)', [...], false)
 4 SYSTEMPATH\Model.php(355): CodeIgniter\Database\BaseBuilder->insert()
 5 SYSTEMPATH\BaseModel.php(899): CodeIgniter\Model->doInsert([...])
 6 SYSTEMPATH\Model.php(668): CodeIgniter\BaseModel->insert([...], false)
 7 SYSTEMPATH\BaseModel.php(752): CodeIgniter\Model->insert([...], false)
 8 APPPATH\Controllers\Home.php(178): CodeIgniter\BaseModel->save([...])
 9 SYSTEMPATH\CodeIgniter.php(951): App\Controllers\Home->processRegisterPerusahaan()
10 SYSTEMPATH\CodeIgniter.php(497): CodeIgniter\CodeIgniter->runController(Object(App\Controllers\Home))
11 SYSTEMPATH\CodeIgniter.php(340): CodeIgniter\CodeIgniter->handleRequest(null, Object(Config\Cache), false)
12 SYSTEMPATH\Boot.php(417): CodeIgniter\CodeIgniter->run()
13 SYSTEMPATH\Boot.php(68): CodeIgniter\Boot::runCodeIgniter(Object(CodeIgniter\CodeIgniter))
14 FCPATH\index.php(59): CodeIgniter\Boot::bootWeb(Object(Config\Paths))
15 SYSTEMPATH\rewrite.php(44): require_once('A:\\myrealxampp\\htdocs\\GasKerjaBaru\\public\\index.php')
CRITICAL - 2026-06-23 06:29:27 --> [Caused by] mysqli_sql_exception: Column 'nama' cannot be null
in SYSTEMPATH\Database\MySQLi\Connection.php on line 300.
 1 SYSTEMPATH\Database\MySQLi\Connection.php(300): mysqli->query('INSERT INTO `users` (`nama`, `email`, `password`, `role`, `created_at`, `updated_at`) VALUES (NULL, NULL, \'$2y$10$DRYfwgk.myKojvUSSgj7Tuhr/ACH3t9Cjv8Nk/gEYTYdHMgF4bis6\', \'perusahaan\', \'2026-06-23 06:29:27\', \'2026-06-23 06:29:27\')', 0)
 2 SYSTEMPATH\Database\BaseConnection.php(910): CodeIgniter\Database\MySQLi\Connection->execute('INSERT INTO `users` (`nama`, `email`, `password`, `role`, `created_at`, `updated_at`) VALUES (NULL, NULL, \'$2y$10$DRYfwgk.myKojvUSSgj7Tuhr/ACH3t9Cjv8Nk/gEYTYdHMgF4bis6\', \'perusahaan\', \'2026-06-23 06:29:27\', \'2026-06-23 06:29:27\')')
 3 SYSTEMPATH\Database\BaseConnection.php(827): CodeIgniter\Database\BaseConnection->simpleQuery('INSERT INTO `users` (`nama`, `email`, `password`, `role`, `created_at`, `updated_at`) VALUES (NULL, NULL, \'$2y$10$DRYfwgk.myKojvUSSgj7Tuhr/ACH3t9Cjv8Nk/gEYTYdHMgF4bis6\', \'perusahaan\', \'2026-06-23 06:29:27\', \'2026-06-23 06:29:27\')')
 4 SYSTEMPATH\Database\BaseBuilder.php(2345): CodeIgniter\Database\BaseConnection->query('INSERT INTO `users` (`nama`, `email`, `password`, `role`, `created_at`, `updated_at`) VALUES (:nama:, :email:, :password:, :role:, :created_at:, :updated_at:)', [...], false)
 5 SYSTEMPATH\Model.php(355): CodeIgniter\Database\BaseBuilder->insert()
 6 SYSTEMPATH\BaseModel.php(899): CodeIgniter\Model->doInsert([...])
 7 SYSTEMPATH\Model.php(668): CodeIgniter\BaseModel->insert([...], false)
 8 SYSTEMPATH\BaseModel.php(752): CodeIgniter\Model->insert([...], false)
 9 APPPATH\Controllers\Home.php(178): CodeIgniter\BaseModel->save([...])
10 SYSTEMPATH\CodeIgniter.php(951): App\Controllers\Home->processRegisterPerusahaan()
11 SYSTEMPATH\CodeIgniter.php(497): CodeIgniter\CodeIgniter->runController(Object(App\Controllers\Home))
12 SYSTEMPATH\CodeIgniter.php(340): CodeIgniter\CodeIgniter->handleRequest(null, Object(Config\Cache), false)
13 SYSTEMPATH\Boot.php(417): CodeIgniter\CodeIgniter->run()
14 SYSTEMPATH\Boot.php(68): CodeIgniter\Boot::runCodeIgniter(Object(CodeIgniter\CodeIgniter))
15 FCPATH\index.php(59): CodeIgniter\Boot::bootWeb(Object(Config\Paths))
16 SYSTEMPATH\rewrite.php(44): require_once('A:\\myrealxampp\\htdocs\\GasKerjaBaru\\public\\index.php')
DEBUG - 2026-06-23 06:29:30 --> Session: Class initialized using 'CodeIgniter\Session\Handlers\FileHandler' driver.
DEBUG - 2026-06-23 07:10:24 --> Session: Class initialized using 'CodeIgniter\Session\Handlers\FileHandler' driver.
DEBUG - 2026-06-23 07:10:25 --> Session: Class initialized using 'CodeIgniter\Session\Handlers\FileHandler' driver.
DEBUG - 2026-06-23 07:10:27 --> Session: Class initialized using 'CodeIgniter\Session\Handlers\FileHandler' driver.
DEBUG - 2026-06-23 08:06:12 --> Session: Class initialized using 'CodeIgniter\Session\Handlers\FileHandler' driver.
DEBUG - 2026-06-23 08:06:15 --> Session: Class initialized using 'CodeIgniter\Session\Handlers\FileHandler' driver.
DEBUG - 2026-06-23 08:06:17 --> Session: Class initialized using 'CodeIgniter\Session\Handlers\FileHandler' driver.
ERROR - 2026-06-23 08:06:31 --> Duplicate entry 'rennuiffa@gmail.com' for key 'email'
in SYSTEMPATH\Database\MySQLi\Connection.php on line 300.
 1 SYSTEMPATH\Database\MySQLi\Connection.php(300): mysqli->query('INSERT INTO `users` (`nama`, `email`, `password`, `role`, `created_at`, `updated_at`) VALUES (\'masbro\', \'rennuiffa@gmail.com\', \'$2y$10$pi/C5OY4om0dBlcGXgo.QO9iqXxzEeo.lf0Kyx9WCHXAiedKaqCLC\', \'perusahaan\', \'2026-06-23 08:06:31\', \'2026-06-23 08:06:31\')', 0)
 2 SYSTEMPATH\Database\BaseConnection.php(910): CodeIgniter\Database\MySQLi\Connection->execute('INSERT INTO `users` (`nama`, `email`, `password`, `role`, `created_at`, `updated_at`) VALUES (\'masbro\', \'rennuiffa@gmail.com\', \'$2y$10$pi/C5OY4om0dBlcGXgo.QO9iqXxzEeo.lf0Kyx9WCHXAiedKaqCLC\', \'perusahaan\', \'2026-06-23 08:06:31\', \'2026-06-23 08:06:31\')')
 3 SYSTEMPATH\Database\BaseConnection.php(827): CodeIgniter\Database\BaseConnection->simpleQuery('INSERT INTO `users` (`nama`, `email`, `password`, `role`, `created_at`, `updated_at`) VALUES (\'masbro\', \'rennuiffa@gmail.com\', \'$2y$10$pi/C5OY4om0dBlcGXgo.QO9iqXxzEeo.lf0Kyx9WCHXAiedKaqCLC\', \'perusahaan\', \'2026-06-23 08:06:31\', \'2026-06-23 08:06:31\')')
 4 SYSTEMPATH\Database\BaseBuilder.php(2345): CodeIgniter\Database\BaseConnection->query('INSERT INTO `users` (`nama`, `email`, `password`, `role`, `created_at`, `updated_at`) VALUES (:nama:, :email:, :password:, :role:, :created_at:, :updated_at:)', [...], false)
 5 SYSTEMPATH\Model.php(355): CodeIgniter\Database\BaseBuilder->insert()
 6 SYSTEMPATH\BaseModel.php(899): CodeIgniter\Model->doInsert([...])
 7 SYSTEMPATH\Model.php(668): CodeIgniter\BaseModel->insert([...], false)
 8 SYSTEMPATH\BaseModel.php(752): CodeIgniter\Model->insert([...], false)
 9 APPPATH\Controllers\Home.php(178): CodeIgniter\BaseModel->save([...])
10 SYSTEMPATH\CodeIgniter.php(951): App\Controllers\Home->processRegisterPerusahaan()
11 SYSTEMPATH\CodeIgniter.php(497): CodeIgniter\CodeIgniter->runController(Object(App\Controllers\Home))
12 SYSTEMPATH\CodeIgniter.php(340): CodeIgniter\CodeIgniter->handleRequest(null, Object(Config\Cache), false)
13 SYSTEMPATH\Boot.php(417): CodeIgniter\CodeIgniter->run()
14 SYSTEMPATH\Boot.php(68): CodeIgniter\Boot::runCodeIgniter(Object(CodeIgniter\CodeIgniter))
15 FCPATH\index.php(59): CodeIgniter\Boot::bootWeb(Object(Config\Paths))
16 SYSTEMPATH\rewrite.php(44): require_once('A:\\myrealxampp\\htdocs\\GasKerjaBaru\\public\\index.php')
CRITICAL - 2026-06-23 08:06:31 --> CodeIgniter\Database\Exceptions\DatabaseException: Duplicate entry 'rennuiffa@gmail.com' for key 'email'
[Method: POST, Route: register-perusahaan]
in SYSTEMPATH\Database\BaseConnection.php on line 865.
 1 SYSTEMPATH\Database\BaseBuilder.php(2345): CodeIgniter\Database\BaseConnection->query('INSERT INTO `users` (`nama`, `email`, `password`, `role`, `created_at`, `updated_at`) VALUES (:nama:, :email:, :password:, :role:, :created_at:, :updated_at:)', [...], false)
 2 SYSTEMPATH\Model.php(355): CodeIgniter\Database\BaseBuilder->insert()
 3 SYSTEMPATH\BaseModel.php(899): CodeIgniter\Model->doInsert([...])
 4 SYSTEMPATH\Model.php(668): CodeIgniter\BaseModel->insert([...], false)
 5 SYSTEMPATH\BaseModel.php(752): CodeIgniter\Model->insert([...], false)
 6 APPPATH\Controllers\Home.php(178): CodeIgniter\BaseModel->save([...])
 7 SYSTEMPATH\CodeIgniter.php(951): App\Controllers\Home->processRegisterPerusahaan()
 8 SYSTEMPATH\CodeIgniter.php(497): CodeIgniter\CodeIgniter->runController(Object(App\Controllers\Home))
 9 SYSTEMPATH\CodeIgniter.php(340): CodeIgniter\CodeIgniter->handleRequest(null, Object(Config\Cache), false)
10 SYSTEMPATH\Boot.php(417): CodeIgniter\CodeIgniter->run()
11 SYSTEMPATH\Boot.php(68): CodeIgniter\Boot::runCodeIgniter(Object(CodeIgniter\CodeIgniter))
12 FCPATH\index.php(59): CodeIgniter\Boot::bootWeb(Object(Config\Paths))
13 SYSTEMPATH\rewrite.php(44): require_once('A:\\myrealxampp\\htdocs\\GasKerjaBaru\\public\\index.php')
CRITICAL - 2026-06-23 08:06:31 --> [Caused by] CodeIgniter\Database\Exceptions\DatabaseException: Duplicate entry 'rennuiffa@gmail.com' for key 'email'
in SYSTEMPATH\Database\MySQLi\Connection.php on line 310.
 1 SYSTEMPATH\Database\BaseConnection.php(910): CodeIgniter\Database\MySQLi\Connection->execute('INSERT INTO `users` (`nama`, `email`, `password`, `role`, `created_at`, `updated_at`) VALUES (\'masbro\', \'rennuiffa@gmail.com\', \'$2y$10$pi/C5OY4om0dBlcGXgo.QO9iqXxzEeo.lf0Kyx9WCHXAiedKaqCLC\', \'perusahaan\', \'2026-06-23 08:06:31\', \'2026-06-23 08:06:31\')')
 2 SYSTEMPATH\Database\BaseConnection.php(827): CodeIgniter\Database\BaseConnection->simpleQuery('INSERT INTO `users` (`nama`, `email`, `password`, `role`, `created_at`, `updated_at`) VALUES (\'masbro\', \'rennuiffa@gmail.com\', \'$2y$10$pi/C5OY4om0dBlcGXgo.QO9iqXxzEeo.lf0Kyx9WCHXAiedKaqCLC\', \'perusahaan\', \'2026-06-23 08:06:31\', \'2026-06-23 08:06:31\')')
 3 SYSTEMPATH\Database\BaseBuilder.php(2345): CodeIgniter\Database\BaseConnection->query('INSERT INTO `users` (`nama`, `email`, `password`, `role`, `created_at`, `updated_at`) VALUES (:nama:, :email:, :password:, :role:, :created_at:, :updated_at:)', [...], false)
 4 SYSTEMPATH\Model.php(355): CodeIgniter\Database\BaseBuilder->insert()
 5 SYSTEMPATH\BaseModel.php(899): CodeIgniter\Model->doInsert([...])
 6 SYSTEMPATH\Model.php(668): CodeIgniter\BaseModel->insert([...], false)
 7 SYSTEMPATH\BaseModel.php(752): CodeIgniter\Model->insert([...], false)
 8 APPPATH\Controllers\Home.php(178): CodeIgniter\BaseModel->save([...])
 9 SYSTEMPATH\CodeIgniter.php(951): App\Controllers\Home->processRegisterPerusahaan()
10 SYSTEMPATH\CodeIgniter.php(497): CodeIgniter\CodeIgniter->runController(Object(App\Controllers\Home))
11 SYSTEMPATH\CodeIgniter.php(340): CodeIgniter\CodeIgniter->handleRequest(null, Object(Config\Cache), false)
12 SYSTEMPATH\Boot.php(417): CodeIgniter\CodeIgniter->run()
13 SYSTEMPATH\Boot.php(68): CodeIgniter\Boot::runCodeIgniter(Object(CodeIgniter\CodeIgniter))
14 FCPATH\index.php(59): CodeIgniter\Boot::bootWeb(Object(Config\Paths))
15 SYSTEMPATH\rewrite.php(44): require_once('A:\\myrealxampp\\htdocs\\GasKerjaBaru\\public\\index.php')
CRITICAL - 2026-06-23 08:06:31 --> [Caused by] mysqli_sql_exception: Duplicate entry 'rennuiffa@gmail.com' for key 'email'
in SYSTEMPATH\Database\MySQLi\Connection.php on line 300.
 1 SYSTEMPATH\Database\MySQLi\Connection.php(300): mysqli->query('INSERT INTO `users` (`nama`, `email`, `password`, `role`, `created_at`, `updated_at`) VALUES (\'masbro\', \'rennuiffa@gmail.com\', \'$2y$10$pi/C5OY4om0dBlcGXgo.QO9iqXxzEeo.lf0Kyx9WCHXAiedKaqCLC\', \'perusahaan\', \'2026-06-23 08:06:31\', \'2026-06-23 08:06:31\')', 0)
 2 SYSTEMPATH\Database\BaseConnection.php(910): CodeIgniter\Database\MySQLi\Connection->execute('INSERT INTO `users` (`nama`, `email`, `password`, `role`, `created_at`, `updated_at`) VALUES (\'masbro\', \'rennuiffa@gmail.com\', \'$2y$10$pi/C5OY4om0dBlcGXgo.QO9iqXxzEeo.lf0Kyx9WCHXAiedKaqCLC\', \'perusahaan\', \'2026-06-23 08:06:31\', \'2026-06-23 08:06:31\')')
 3 SYSTEMPATH\Database\BaseConnection.php(827): CodeIgniter\Database\BaseConnection->simpleQuery('INSERT INTO `users` (`nama`, `email`, `password`, `role`, `created_at`, `updated_at`) VALUES (\'masbro\', \'rennuiffa@gmail.com\', \'$2y$10$pi/C5OY4om0dBlcGXgo.QO9iqXxzEeo.lf0Kyx9WCHXAiedKaqCLC\', \'perusahaan\', \'2026-06-23 08:06:31\', \'2026-06-23 08:06:31\')')
 4 SYSTEMPATH\Database\BaseBuilder.php(2345): CodeIgniter\Database\BaseConnection->query('INSERT INTO `users` (`nama`, `email`, `password`, `role`, `created_at`, `updated_at`) VALUES (:nama:, :email:, :password:, :role:, :created_at:, :updated_at:)', [...], false)
 5 SYSTEMPATH\Model.php(355): CodeIgniter\Database\BaseBuilder->insert()
 6 SYSTEMPATH\BaseModel.php(899): CodeIgniter\Model->doInsert([...])
 7 SYSTEMPATH\Model.php(668): CodeIgniter\BaseModel->insert([...], false)
 8 SYSTEMPATH\BaseModel.php(752): CodeIgniter\Model->insert([...], false)
 9 APPPATH\Controllers\Home.php(178): CodeIgniter\BaseModel->save([...])
10 SYSTEMPATH\CodeIgniter.php(951): App\Controllers\Home->processRegisterPerusahaan()
11 SYSTEMPATH\CodeIgniter.php(497): CodeIgniter\CodeIgniter->runController(Object(App\Controllers\Home))
12 SYSTEMPATH\CodeIgniter.php(340): CodeIgniter\CodeIgniter->handleRequest(null, Object(Config\Cache), false)
13 SYSTEMPATH\Boot.php(417): CodeIgniter\CodeIgniter->run()
14 SYSTEMPATH\Boot.php(68): CodeIgniter\Boot::runCodeIgniter(Object(CodeIgniter\CodeIgniter))
15 FCPATH\index.php(59): CodeIgniter\Boot::bootWeb(Object(Config\Paths))
16 SYSTEMPATH\rewrite.php(44): require_once('A:\\myrealxampp\\htdocs\\GasKerjaBaru\\public\\index.php')
DEBUG - 2026-06-23 08:07:12 --> Session: Class initialized using 'CodeIgniter\Session\Handlers\FileHandler' driver.
DEBUG - 2026-06-23 08:07:14 --> Session: Class initialized using 'CodeIgniter\Session\Handlers\FileHandler' driver.
DEBUG - 2026-06-23 08:07:21 --> Session: Class initialized using 'CodeIgniter\Session\Handlers\FileHandler' driver.
DEBUG - 2026-06-23 08:07:21 --> Session: Class initialized using 'CodeIgniter\Session\Handlers\FileHandler' driver.
