ERROR - 2026-06-08 03:45:16 --> Duplicate key name 'email'
in SYSTEMPATH\Database\MySQLi\Connection.php on line 300.
 1 SYSTEMPATH\Database\MySQLi\Connection.php(300): mysqli->query('CREATE TABLE `RegisterPerusahaan` (
	`id` INT(11) UNSIGNED NOT NULL AUTO_INCREMENT,
	`nama_umkm` VARCHAR(255) NOT NULL,
	`email` VARCHAR(255) NOT NULL UNIQUE,
	`bidang_usaha` VARCHAR(255) NOT NULL,
	`alamat` TEXT NOT NULL,
	`telepon` VARCHAR(20) NOT NULL,
	`password` VARCHAR(255) NOT NULL,
	`created_at` DATETIME NULL,
	`updated_at` DATETIME NULL,
	CONSTRAINT `pk_RegisterPerusahaan` PRIMARY KEY(`id`),
	UNIQUE KEY `email` (`email`)
) DEFAULT CHARACTER SET = utf8mb4 COLLATE = utf8mb4_general_ci', 0)
 2 SYSTEMPATH\Database\BaseConnection.php(910): CodeIgniter\Database\MySQLi\Connection->execute('CREATE TABLE `RegisterPerusahaan` (
	`id` INT(11) UNSIGNED NOT NULL AUTO_INCREMENT,
	`nama_umkm` VARCHAR(255) NOT NULL,
	`email` VARCHAR(255) NOT NULL UNIQUE,
	`bidang_usaha` VARCHAR(255) NOT NULL,
	`alamat` TEXT NOT NULL,
	`telepon` VARCHAR(20) NOT NULL,
	`password` VARCHAR(255) NOT NULL,
	`created_at` DATETIME NULL,
	`updated_at` DATETIME NULL,
	CONSTRAINT `pk_RegisterPerusahaan` PRIMARY KEY(`id`),
	UNIQUE KEY `email` (`email`)
) DEFAULT CHARACTER SET = utf8mb4 COLLATE = utf8mb4_general_ci')
 3 SYSTEMPATH\Database\BaseConnection.php(827): CodeIgniter\Database\BaseConnection->simpleQuery('CREATE TABLE `RegisterPerusahaan` (
	`id` INT(11) UNSIGNED NOT NULL AUTO_INCREMENT,
	`nama_umkm` VARCHAR(255) NOT NULL,
	`email` VARCHAR(255) NOT NULL UNIQUE,
	`bidang_usaha` VARCHAR(255) NOT NULL,
	`alamat` TEXT NOT NULL,
	`telepon` VARCHAR(20) NOT NULL,
	`password` VARCHAR(255) NOT NULL,
	`created_at` DATETIME NULL,
	`updated_at` DATETIME NULL,
	CONSTRAINT `pk_RegisterPerusahaan` PRIMARY KEY(`id`),
	UNIQUE KEY `email` (`email`)
) DEFAULT CHARACTER SET = utf8mb4 COLLATE = utf8mb4_general_ci')
 4 SYSTEMPATH\Database\Forge.php(570): CodeIgniter\Database\BaseConnection->query('CREATE TABLE `RegisterPerusahaan` (
	`id` INT(11) UNSIGNED NOT NULL AUTO_INCREMENT,
	`nama_umkm` VARCHAR(255) NOT NULL,
	`email` VARCHAR(255) NOT NULL UNIQUE,
	`bidang_usaha` VARCHAR(255) NOT NULL,
	`alamat` TEXT NOT NULL,
	`telepon` VARCHAR(20) NOT NULL,
	`password` VARCHAR(255) NOT NULL,
	`created_at` DATETIME NULL,
	`updated_at` DATETIME NULL,
	CONSTRAINT `pk_RegisterPerusahaan` PRIMARY KEY(`id`),
	UNIQUE KEY `email` (`email`)
) DEFAULT CHARACTER SET = utf8mb4 COLLATE = utf8mb4_general_ci')
 5 APPPATH\Database\Migrations\2026-06-07-025811_CreateRegisterPerusahaan.php(54): CodeIgniter\Database\Forge->createTable('RegisterPerusahaan')
 6 SYSTEMPATH\Database\MigrationRunner.php(1014): App\Database\Migrations\CreateRegisterPerusahaanTable->up()
 7 SYSTEMPATH\Database\MigrationRunner.php(202): CodeIgniter\Database\MigrationRunner->migrate('up', Object(stdClass))
 8 SYSTEMPATH\Commands\Database\Migrate.php(89): CodeIgniter\Database\MigrationRunner->latest(null)
 9 SYSTEMPATH\CLI\SignalTrait.php(245): CodeIgniter\Commands\Database\Migrate::CodeIgniter\Commands\Database\{closure}()
10 SYSTEMPATH\Commands\Database\Migrate.php(88): CodeIgniter\Commands\Database\Migrate->withSignalsBlocked(Object(Closure))
11 SYSTEMPATH\CLI\Commands.php(74): CodeIgniter\Commands\Database\Migrate->run([])
12 SYSTEMPATH\CLI\Console.php(47): CodeIgniter\CLI\Commands->run('migrate', [])
13 SYSTEMPATH\Boot.php(442): CodeIgniter\CLI\Console->run()
14 SYSTEMPATH\Boot.php(166): CodeIgniter\Boot::runCommand(Object(CodeIgniter\CLI\Console))
15 ROOTPATH\spark(87): CodeIgniter\Boot::bootSpark(Object(Config\Paths))
